$ /root/miniconda3/bin/python3.12 -m pip install -i https://pypi.tuna.tsinghua.edu.cn/simple transformers pyyaml huggingface_hub regex tokenizers safetensors
Looking in indexes: https://pypi.tuna.tsinghua.edu.cn/simple
Requirement already satisfied: transformers in ./miniconda3/lib/python3.12/site-packages (5.17.0)
Requirement already satisfied: pyyaml in ./miniconda3/lib/python3.12/site-packages (6.0.3)
Requirement already satisfied: huggingface_hub in ./miniconda3/lib/python3.12/site-packages (1.31.0)
Requirement already satisfied: regex in ./miniconda3/lib/python3.12/site-packages (2026.9.10)
Requirement already satisfied: tokenizers in ./miniconda3/lib/python3.12/site-packages (0.23.2)
Requirement already satisfied: safetensors in ./miniconda3/lib/python3.12/site-packages (0.8.0)
Requirement already satisfied: numpy>=1.17 in ./miniconda3/lib/python3.12/site-packages (from transformers) (2.4.6)
Requirement already satisfied: packaging>=20.0 in ./miniconda3/lib/python3.12/site-packages (from transformers) (23.2)
Requirement already satisfied: typer in ./miniconda3/lib/python3.12/site-packages (from transformers) (0.27.2)
Requirement already satisfied: tqdm>=4.60 in ./miniconda3/lib/python3.12/site-packages (from transformers) (4.66.2)
Requirement already satisfied: click<9.0.0,>=8.4.2 in ./miniconda3/lib/python3.12/site-packages (from huggingface_hub) (8.5.0)
Requirement already satisfied: filelock>=3.10.0 in ./miniconda3/lib/python3.12/site-packages (from huggingface_hub) (3.29.4)
Requirement already satisfied: fsspec>=2023.5.0 in ./miniconda3/lib/python3.12/site-packages (from huggingface_hub) (2026.6.0)
Requirement already satisfied: hf-xet<2.0.0,>=1.5.2 in ./miniconda3/lib/python3.12/site-packages (from huggingface_hub) (1.6.0)
Requirement already satisfied: httpx<1,>=0.23.0 in ./miniconda3/lib/python3.12/site-packages (from huggingface_hub) (0.28.1)
Requirement already satisfied: typing-extensions>=4.1.0 in ./miniconda3/lib/python3.12/site-packages (from huggingface_hub) (4.15.0)
Requirement already satisfied: anyio in ./miniconda3/lib/python3.12/site-packages (from httpx<1,>=0.23.0->huggingface_hub) (4.14.0)
Requirement already satisfied: certifi in ./miniconda3/lib/python3.12/site-packages (from httpx<1,>=0.23.0->huggingface_hub) (2024.2.2)
Requirement already satisfied: httpcore==1.* in ./miniconda3/lib/python3.12/site-packages (from httpx<1,>=0.23.0->huggingface_hub) (1.0.9)
Requirement already satisfied: idna in ./miniconda3/lib/python3.12/site-packages (from httpx<1,>=0.23.0->huggingface_hub) (3.7)
Requirement already satisfied: h11>=0.16 in ./miniconda3/lib/python3.12/site-packages (from httpcore==1.*->httpx<1,>=0.23.0->huggingface_hub) (0.16.0)
Requirement already satisfied: shellingham>=1.3.0 in ./miniconda3/lib/python3.12/site-packages (from typer->transformers) (1.5.4)
Requirement already satisfied: rich>=13.8.0 in ./miniconda3/lib/python3.12/site-packages (from typer->transformers) (15.0.0)
Requirement already satisfied: annotated-doc>=0.0.2 in ./miniconda3/lib/python3.12/site-packages (from typer->transformers) (0.0.5)
Requirement already satisfied: markdown-it-py>=2.2.0 in ./miniconda3/lib/python3.12/site-packages (from rich>=13.8.0->typer->transformers) (4.2.0)
Requirement already satisfied: pygments<3.0.0,>=2.13.0 in ./miniconda3/lib/python3.12/site-packages (from rich>=13.8.0->typer->transformers) (2.20.0)
Requirement already satisfied: mdurl~=0.1 in ./miniconda3/lib/python3.12/site-packages (from markdown-it-py>=2.2.0->rich>=13.8.0->typer->transformers) (0.1.2)
WARNING: Running pip as the 'root' user can result in broken permissions and conflicting behaviour with the system package manager. It is recommended to use a virtual environment instead: https://pip.pypa.io/warnings/venv
