$ ls -la /; ls -la /root/autodl-fs; ls -la /root/autodl-pub; du -sh /root/.cache /root/autodl-fs /root/autodl-pub 2>/dev/null
total 28
drwxr-xr-x    1 root root  160 Sep  2 10:25 .
drwxr-xr-x    1 root root  160 Sep  2 10:25 ..
-rwxr-xr-x    1 root root    0 Sep 14 16:47 .dockerenv
drwxr-xr-x    3 root root   18 Sep 14 16:48 autodl-fs
drwxr-xr-x    3 root root   26 Jul 28 20:28 autodl-pub
lrwxrwxrwx    1 root root    7 Mar 22 22:07 bin -> usr/bin
drwxr-xr-x    2 root root    6 Apr 18  2022 boot
-rw-r--r--    1 root root 4332 Apr 15 00:30 cuda-keyring_1.1-1_all.deb
drwxr-xr-x    7 root root  460 Sep 14 16:48 dev
drwxr-xr-x    1 root root 4096 Sep 14 16:48 etc
drwxr-xr-x    2 root root    6 Apr 18  2022 home
drwxr-xr-x    8 root root  132 Sep 14 16:48 init
lrwxrwxrwx    1 root root    7 Mar 22 22:07 lib -> usr/lib
lrwxrwxrwx    1 root root    9 Mar 22 22:07 lib32 -> usr/lib32
lrwxrwxrwx    1 root root    9 Mar 22 22:07 lib64 -> usr/lib64
lrwxrwxrwx    1 root root   10 Mar 22 22:07 libx32 -> usr/libx32
drwxr-xr-x    2 root root    6 Mar 22 22:07 media
drwxr-xr-x    2 root root    6 Mar 22 22:07 mnt
drwxr-xr-x    1 root root   28 Apr 15 00:36 opt
dr-xr-xr-x 1007 root root    0 Sep 14 16:48 proc
drwx------    1 root root 4096 Sep  2 11:08 root
drwxr-xr-x    1 root root   81 Sep 14 17:44 run
lrwxrwxrwx    1 root root    8 Mar 22 22:07 sbin -> usr/sbin
drwxr-xr-x    2 root root    6 Mar 22 22:07 srv
dr-xr-xr-x   13 root root    0 Sep 14 16:48 sys
drwxrwxrwt    1 root root 8192 Sep 14 16:48 tmp
drwxr-xr-x    1 root root   90 Mar 22 22:07 usr
drwxr-xr-x    1 root root   72 Mar 22 22:15 var
lrwxrwxrwx 1 root root 20 Sep  2 10:25 /root/autodl-fs -> ../../autodl-fs/data
lrwxrwxrwx 1 root root 21 Aug  4 10:10 /root/autodl-pub -> ../../autodl-pub/data
1.8M	/root/.cache
0	/root/autodl-fs
0	/root/autodl-pub
